exports[`Configuration > arrowMarkerAbsolute > should not taint the initial configuration when using multiple directives #0`] = `
[ {}, {} ]
`;
